components/mobile/BottomNav.tsx(43,56): error TS2322: Type 'LucideIcon' is not assignable to type 'ComponentType<{ size?: number | undefined; strokeWidth?: number | undefined; className?: string | undefined; }>'.
  Type 'ForwardRefExoticComponent<LucideProps>' is not assignable to type 'FunctionComponent<{ size?: number | undefined; strokeWidth?: number | undefined; className?: string | undefined; }>'.
    Types of property 'propTypes' are incompatible.
      Type 'WeakValidationMap<LucideProps> | undefined' is not assignable to type 'WeakValidationMap<{ size?: number | undefined; strokeWidth?: number | undefined; className?: string | undefined; }> | undefined'.
        Type 'WeakValidationMap<LucideProps>' is not assignable to type 'WeakValidationMap<{ size?: number | undefined; strokeWidth?: number | undefined; className?: string | undefined; }>'.
          Types of property 'size' are incompatible.
            Type 'Validator<string | number | null | undefined> | undefined' is not assignable to type 'Validator<number | null | undefined> | undefined'.
              Type 'Validator<string | number | null | undefined>' is not assignable to type 'Validator<number | null | undefined>'.
                Type 'string | number | null | undefined' is not assignable to type 'number | null | undefined'.
                  Type 'string' is not assignable to type 'number'.
components/mobile/BottomNav.tsx(44,62): error TS2322: Type 'LucideIcon' is not assignable to type 'ComponentType<{ size?: number | undefined; strokeWidth?: number | undefined; className?: string | undefined; }>'.
  Type 'ForwardRefExoticComponent<LucideProps>' is not assignable to type 'FunctionComponent<{ size?: number | undefined; strokeWidth?: number | undefined; className?: string | undefined; }>'.
    Types of property 'propTypes' are incompatible.
      Type 'WeakValidationMap<LucideProps> | undefined' is not assignable to type 'WeakValidationMap<{ size?: number | undefined; strokeWidth?: number | undefined; className?: string | undefined; }> | undefined'.
        Type 'WeakValidationMap<LucideProps>' is not assignable to type 'WeakValidationMap<{ size?: number | undefined; strokeWidth?: number | undefined; className?: string | undefined; }>'.
          Types of property 'size' are incompatible.
            Type 'Validator<string | number | null | undefined> | undefined' is not assignable to type 'Validator<number | null | undefined> | undefined'.
              Type 'Validator<string | number | null | undefined>' is not assignable to type 'Validator<number | null | undefined>'.
                Type 'string | number | null | undefined' is not assignable to type 'number | null | undefined'.
                  Type 'string' is not assignable to type 'number'.
components/mobile/BottomNav.tsx(45,56): error TS2322: Type 'LucideIcon' is not assignable to type 'ComponentType<{ size?: number | undefined; strokeWidth?: number | undefined; className?: string | undefined; }>'.
  Type 'ForwardRefExoticComponent<LucideProps>' is not assignable to type 'FunctionComponent<{ size?: number | undefined; strokeWidth?: number | undefined; className?: string | undefined; }>'.
    Types of property 'propTypes' are incompatible.
      Type 'WeakValidationMap<LucideProps> | undefined' is not assignable to type 'WeakValidationMap<{ size?: number | undefined; strokeWidth?: number | undefined; className?: string | undefined; }> | undefined'.
        Type 'WeakValidationMap<LucideProps>' is not assignable to type 'WeakValidationMap<{ size?: number | undefined; strokeWidth?: number | undefined; className?: string | undefined; }>'.
          Types of property 'size' are incompatible.
            Type 'Validator<string | number | null | undefined> | undefined' is not assignable to type 'Validator<number | null | undefined> | undefined'.
              Type 'Validator<string | number | null | undefined>' is not assignable to type 'Validator<number | null | undefined>'.
                Type 'string | number | null | undefined' is not assignable to type 'number | null | undefined'.
                  Type 'string' is not assignable to type 'number'.
components/mobile/BottomNav.tsx(46,51): error TS2322: Type 'LucideIcon' is not assignable to type 'ComponentType<{ size?: number | undefined; strokeWidth?: number | undefined; className?: string | undefined; }>'.
  Type 'ForwardRefExoticComponent<LucideProps>' is not assignable to type 'FunctionComponent<{ size?: number | undefined; strokeWidth?: number | undefined; className?: string | undefined; }>'.
    Types of property 'propTypes' are incompatible.
      Type 'WeakValidationMap<LucideProps> | undefined' is not assignable to type 'WeakValidationMap<{ size?: number | undefined; strokeWidth?: number | undefined; className?: string | undefined; }> | undefined'.
        Type 'WeakValidationMap<LucideProps>' is not assignable to type 'WeakValidationMap<{ size?: number | undefined; strokeWidth?: number | undefined; className?: string | undefined; }>'.
          Types of property 'size' are incompatible.
            Type 'Validator<string | number | null | undefined> | undefined' is not assignable to type 'Validator<number | null | undefined> | undefined'.
              Type 'Validator<string | number | null | undefined>' is not assignable to type 'Validator<number | null | undefined>'.
                Type 'string | number | null | undefined' is not assignable to type 'number | null | undefined'.
                  Type 'string' is not assignable to type 'number'.
components/mobile/BottomNav.tsx(52,60): error TS2322: Type 'LucideIcon' is not assignable to type 'ComponentType<{ size?: number | undefined; strokeWidth?: number | undefined; className?: string | undefined; }>'.
  Type 'ForwardRefExoticComponent<LucideProps>' is not assignable to type 'FunctionComponent<{ size?: number | undefined; strokeWidth?: number | undefined; className?: string | undefined; }>'.
    Types of property 'propTypes' are incompatible.
      Type 'WeakValidationMap<LucideProps> | undefined' is not assignable to type 'WeakValidationMap<{ size?: number | undefined; strokeWidth?: number | undefined; className?: string | undefined; }> | undefined'.
        Type 'WeakValidationMap<LucideProps>' is not assignable to type 'WeakValidationMap<{ size?: number | undefined; strokeWidth?: number | undefined; className?: string | undefined; }>'.
          Types of property 'size' are incompatible.
            Type 'Validator<string | number | null | undefined> | undefined' is not assignable to type 'Validator<number | null | undefined> | undefined'.
              Type 'Validator<string | number | null | undefined>' is not assignable to type 'Validator<number | null | undefined>'.
                Type 'string | number | null | undefined' is not assignable to type 'number | null | undefined'.
                  Type 'string' is not assignable to type 'number'.
components/mobile/BottomNav.tsx(53,58): error TS2322: Type 'LucideIcon' is not assignable to type 'ComponentType<{ size?: number | undefined; strokeWidth?: number | undefined; className?: string | undefined; }>'.
  Type 'ForwardRefExoticComponent<LucideProps>' is not assignable to type 'FunctionComponent<{ size?: number | undefined; strokeWidth?: number | undefined; className?: string | undefined; }>'.
    Types of property 'propTypes' are incompatible.
      Type 'WeakValidationMap<LucideProps> | undefined' is not assignable to type 'WeakValidationMap<{ size?: number | undefined; strokeWidth?: number | undefined; className?: string | undefined; }> | undefined'.
        Type 'WeakValidationMap<LucideProps>' is not assignable to type 'WeakValidationMap<{ size?: number | undefined; strokeWidth?: number | undefined; className?: string | undefined; }>'.
          Types of property 'size' are incompatible.
            Type 'Validator<string | number | null | undefined> | undefined' is not assignable to type 'Validator<number | null | undefined> | undefined'.
              Type 'Validator<string | number | null | undefined>' is not assignable to type 'Validator<number | null | undefined>'.
                Type 'string | number | null | undefined' is not assignable to type 'number | null | undefined'.
                  Type 'string' is not assignable to type 'number'.
components/mobile/BottomNav.tsx(54,74): error TS2322: Type 'LucideIcon' is not assignable to type 'ComponentType<{ size?: number | undefined; strokeWidth?: number | undefined; className?: string | undefined; }>'.
  Type 'ForwardRefExoticComponent<LucideProps>' is not assignable to type 'FunctionComponent<{ size?: number | undefined; strokeWidth?: number | undefined; className?: string | undefined; }>'.
    Types of property 'propTypes' are incompatible.
      Type 'WeakValidationMap<LucideProps> | undefined' is not assignable to type 'WeakValidationMap<{ size?: number | undefined; strokeWidth?: number | undefined; className?: string | undefined; }> | undefined'.
        Type 'WeakValidationMap<LucideProps>' is not assignable to type 'WeakValidationMap<{ size?: number | undefined; strokeWidth?: number | undefined; className?: string | undefined; }>'.
          Types of property 'size' are incompatible.
            Type 'Validator<string | number | null | undefined> | undefined' is not assignable to type 'Validator<number | null | undefined> | undefined'.
              Type 'Validator<string | number | null | undefined>' is not assignable to type 'Validator<number | null | undefined>'.
                Type 'string | number | null | undefined' is not assignable to type 'number | null | undefined'.
                  Type 'string' is not assignable to type 'number'.
components/mobile/BottomNav.tsx(55,72): error TS2322: Type 'LucideIcon' is not assignable to type 'ComponentType<{ size?: number | undefined; strokeWidth?: number | undefined; className?: string | undefined; }>'.
  Type 'ForwardRefExoticComponent<LucideProps>' is not assignable to type 'FunctionComponent<{ size?: number | undefined; strokeWidth?: number | undefined; className?: string | undefined; }>'.
    Types of property 'propTypes' are incompatible.
      Type 'WeakValidationMap<LucideProps> | undefined' is not assignable to type 'WeakValidationMap<{ size?: number | undefined; strokeWidth?: number | undefined; className?: string | undefined; }> | undefined'.
        Type 'WeakValidationMap<LucideProps>' is not assignable to type 'WeakValidationMap<{ size?: number | undefined; strokeWidth?: number | undefined; className?: string | undefined; }>'.
          Types of property 'size' are incompatible.
            Type 'Validator<string | number | null | undefined> | undefined' is not assignable to type 'Validator<number | null | undefined> | undefined'.
              Type 'Validator<string | number | null | undefined>' is not assignable to type 'Validator<number | null | undefined>'.
                Type 'string | number | null | undefined' is not assignable to type 'number | null | undefined'.
                  Type 'string' is not assignable to type 'number'.
components/mobile/BottomNav.tsx(56,58): error TS2322: Type 'LucideIcon' is not assignable to type 'ComponentType<{ size?: number | undefined; strokeWidth?: number | undefined; className?: string | undefined; }>'.
  Type 'ForwardRefExoticComponent<LucideProps>' is not assignable to type 'FunctionComponent<{ size?: number | undefined; strokeWidth?: number | undefined; className?: string | undefined; }>'.
    Types of property 'propTypes' are incompatible.
      Type 'WeakValidationMap<LucideProps> | undefined' is not assignable to type 'WeakValidationMap<{ size?: number | undefined; strokeWidth?: number | undefined; className?: string | undefined; }> | undefined'.
        Type 'WeakValidationMap<LucideProps>' is not assignable to type 'WeakValidationMap<{ size?: number | undefined; strokeWidth?: number | undefined; className?: string | undefined; }>'.
          Types of property 'size' are incompatible.
            Type 'Validator<string | number | null | undefined> | undefined' is not assignable to type 'Validator<number | null | undefined> | undefined'.
              Type 'Validator<string | number | null | undefined>' is not assignable to type 'Validator<number | null | undefined>'.
                Type 'string | number | null | undefined' is not assignable to type 'number | null | undefined'.
                  Type 'string' is not assignable to type 'number'.
components/mobile/BottomNav.tsx(62,57): error TS2322: Type 'LucideIcon' is not assignable to type 'ComponentType<{ size?: number | undefined; strokeWidth?: number | undefined; className?: string | undefined; }>'.
  Type 'ForwardRefExoticComponent<LucideProps>' is not assignable to type 'FunctionComponent<{ size?: number | undefined; strokeWidth?: number | undefined; className?: string | undefined; }>'.
    Types of property 'propTypes' are incompatible.
      Type 'WeakValidationMap<LucideProps> | undefined' is not assignable to type 'WeakValidationMap<{ size?: number | undefined; strokeWidth?: number | undefined; className?: string | undefined; }> | undefined'.
        Type 'WeakValidationMap<LucideProps>' is not assignable to type 'WeakValidationMap<{ size?: number | undefined; strokeWidth?: number | undefined; className?: string | undefined; }>'.
          Types of property 'size' are incompatible.
            Type 'Validator<string | number | null | undefined> | undefined' is not assignable to type 'Validator<number | null | undefined> | undefined'.
              Type 'Validator<string | number | null | undefined>' is not assignable to type 'Validator<number | null | undefined>'.
                Type 'string | number | null | undefined' is not assignable to type 'number | null | undefined'.
                  Type 'string' is not assignable to type 'number'.
components/mobile/BottomNav.tsx(63,60): error TS2322: Type 'LucideIcon' is not assignable to type 'ComponentType<{ size?: number | undefined; strokeWidth?: number | undefined; className?: string | undefined; }>'.
  Type 'ForwardRefExoticComponent<LucideProps>' is not assignable to type 'FunctionComponent<{ size?: number | undefined; strokeWidth?: number | undefined; className?: string | undefined; }>'.
    Types of property 'propTypes' are incompatible.
      Type 'WeakValidationMap<LucideProps> | undefined' is not assignable to type 'WeakValidationMap<{ size?: number | undefined; strokeWidth?: number | undefined; className?: string | undefined; }> | undefined'.
        Type 'WeakValidationMap<LucideProps>' is not assignable to type 'WeakValidationMap<{ size?: number | undefined; strokeWidth?: number | undefined; className?: string | undefined; }>'.
          Types of property 'size' are incompatible.
            Type 'Validator<string | number | null | undefined> | undefined' is not assignable to type 'Validator<number | null | undefined> | undefined'.
              Type 'Validator<string | number | null | undefined>' is not assignable to type 'Validator<number | null | undefined>'.
                Type 'string | number | null | undefined' is not assignable to type 'number | null | undefined'.
                  Type 'string' is not assignable to type 'number'.
components/mobile/BottomNav.tsx(64,58): error TS2322: Type 'LucideIcon' is not assignable to type 'ComponentType<{ size?: number | undefined; strokeWidth?: number | undefined; className?: string | undefined; }>'.
  Type 'ForwardRefExoticComponent<LucideProps>' is not assignable to type 'FunctionComponent<{ size?: number | undefined; strokeWidth?: number | undefined; className?: string | undefined; }>'.
    Types of property 'propTypes' are incompatible.
      Type 'WeakValidationMap<LucideProps> | undefined' is not assignable to type 'WeakValidationMap<{ size?: number | undefined; strokeWidth?: number | undefined; className?: string | undefined; }> | undefined'.
        Type 'WeakValidationMap<LucideProps>' is not assignable to type 'WeakValidationMap<{ size?: number | undefined; strokeWidth?: number | undefined; className?: string | undefined; }>'.
          Types of property 'size' are incompatible.
            Type 'Validator<string | number | null | undefined> | undefined' is not assignable to type 'Validator<number | null | undefined> | undefined'.
              Type 'Validator<string | number | null | undefined>' is not assignable to type 'Validator<number | null | undefined>'.
                Type 'string | number | null | undefined' is not assignable to type 'number | null | undefined'.
                  Type 'string' is not assignable to type 'number'.
components/mobile/BottomNav.tsx(70,56): error TS2322: Type 'LucideIcon' is not assignable to type 'ComponentType<{ size?: number | undefined; strokeWidth?: number | undefined; className?: string | undefined; }>'.
  Type 'ForwardRefExoticComponent<LucideProps>' is not assignable to type 'FunctionComponent<{ size?: number | undefined; strokeWidth?: number | undefined; className?: string | undefined; }>'.
    Types of property 'propTypes' are incompatible.
      Type 'WeakValidationMap<LucideProps> | undefined' is not assignable to type 'WeakValidationMap<{ size?: number | undefined; strokeWidth?: number | undefined; className?: string | undefined; }> | undefined'.
        Type 'WeakValidationMap<LucideProps>' is not assignable to type 'WeakValidationMap<{ size?: number | undefined; strokeWidth?: number | undefined; className?: string | undefined; }>'.
          Types of property 'size' are incompatible.
            Type 'Validator<string | number | null | undefined> | undefined' is not assignable to type 'Validator<number | null | undefined> | undefined'.
              Type 'Validator<string | number | null | undefined>' is not assignable to type 'Validator<number | null | undefined>'.
                Type 'string | number | null | undefined' is not assignable to type 'number | null | undefined'.
                  Type 'string' is not assignable to type 'number'.
components/mobile/BottomNav.tsx(71,66): error TS2322: Type 'LucideIcon' is not assignable to type 'ComponentType<{ size?: number | undefined; strokeWidth?: number | undefined; className?: string | undefined; }>'.
  Type 'ForwardRefExoticComponent<LucideProps>' is not assignable to type 'FunctionComponent<{ size?: number | undefined; strokeWidth?: number | undefined; className?: string | undefined; }>'.
    Types of property 'propTypes' are incompatible.
      Type 'WeakValidationMap<LucideProps> | undefined' is not assignable to type 'WeakValidationMap<{ size?: number | undefined; strokeWidth?: number | undefined; className?: string | undefined; }> | undefined'.
        Type 'WeakValidationMap<LucideProps>' is not assignable to type 'WeakValidationMap<{ size?: number | undefined; strokeWidth?: number | undefined; className?: string | undefined; }>'.
          Types of property 'size' are incompatible.
            Type 'Validator<string | number | null | undefined> | undefined' is not assignable to type 'Validator<number | null | undefined> | undefined'.
              Type 'Validator<string | number | null | undefined>' is not assignable to type 'Validator<number | null | undefined>'.
                Type 'string | number | null | undefined' is not assignable to type 'number | null | undefined'.
                  Type 'string' is not assignable to type 'number'.
components/mobile/BottomNav.tsx(72,70): error TS2322: Type 'LucideIcon' is not assignable to type 'ComponentType<{ size?: number | undefined; strokeWidth?: number | undefined; className?: string | undefined; }>'.
  Type 'ForwardRefExoticComponent<LucideProps>' is not assignable to type 'FunctionComponent<{ size?: number | undefined; strokeWidth?: number | undefined; className?: string | undefined; }>'.
    Types of property 'propTypes' are incompatible.
      Type 'WeakValidationMap<LucideProps> | undefined' is not assignable to type 'WeakValidationMap<{ size?: number | undefined; strokeWidth?: number | undefined; className?: string | undefined; }> | undefined'.
        Type 'WeakValidationMap<LucideProps>' is not assignable to type 'WeakValidationMap<{ size?: number | undefined; strokeWidth?: number | undefined; className?: string | undefined; }>'.
          Types of property 'size' are incompatible.
            Type 'Validator<string | number | null | undefined> | undefined' is not assignable to type 'Validator<number | null | undefined> | undefined'.
              Type 'Validator<string | number | null | undefined>' is not assignable to type 'Validator<number | null | undefined>'.
                Type 'string | number | null | undefined' is not assignable to type 'number | null | undefined'.
                  Type 'string' is not assignable to type 'number'.
components/mobile/BottomNav.tsx(73,65): error TS2322: Type 'LucideIcon' is not assignable to type 'ComponentType<{ size?: number | undefined; strokeWidth?: number | undefined; className?: string | undefined; }>'.
  Type 'ForwardRefExoticComponent<LucideProps>' is not assignable to type 'FunctionComponent<{ size?: number | undefined; strokeWidth?: number | undefined; className?: string | undefined; }>'.
    Types of property 'propTypes' are incompatible.
      Type 'WeakValidationMap<LucideProps> | undefined' is not assignable to type 'WeakValidationMap<{ size?: number | undefined; strokeWidth?: number | undefined; className?: string | undefined; }> | undefined'.
        Type 'WeakValidationMap<LucideProps>' is not assignable to type 'WeakValidationMap<{ size?: number | undefined; strokeWidth?: number | undefined; className?: string | undefined; }>'.
          Types of property 'size' are incompatible.
            Type 'Validator<string | number | null | undefined> | undefined' is not assignable to type 'Validator<number | null | undefined> | undefined'.
              Type 'Validator<string | number | null | undefined>' is not assignable to type 'Validator<number | null | undefined>'.
                Type 'string | number | null | undefined' is not assignable to type 'number | null | undefined'.
                  Type 'string' is not assignable to type 'number'.
components/mobile/BottomNav.tsx(74,59): error TS2322: Type 'LucideIcon' is not assignable to type 'ComponentType<{ size?: number | undefined; strokeWidth?: number | undefined; className?: string | undefined; }>'.
  Type 'ForwardRefExoticComponent<LucideProps>' is not assignable to type 'FunctionComponent<{ size?: number | undefined; strokeWidth?: number | undefined; className?: string | undefined; }>'.
    Types of property 'propTypes' are incompatible.
      Type 'WeakValidationMap<LucideProps> | undefined' is not assignable to type 'WeakValidationMap<{ size?: number | undefined; strokeWidth?: number | undefined; className?: string | undefined; }> | undefined'.
        Type 'WeakValidationMap<LucideProps>' is not assignable to type 'WeakValidationMap<{ size?: number | undefined; strokeWidth?: number | undefined; className?: string | undefined; }>'.
          Types of property 'size' are incompatible.
            Type 'Validator<string | number | null | undefined> | undefined' is not assignable to type 'Validator<number | null | undefined> | undefined'.
              Type 'Validator<string | number | null | undefined>' is not assignable to type 'Validator<number | null | undefined>'.
                Type 'string | number | null | undefined' is not assignable to type 'number | null | undefined'.
                  Type 'string' is not assignable to type 'number'.
components/mobile/BottomNav.tsx(75,70): error TS2322: Type 'LucideIcon' is not assignable to type 'ComponentType<{ size?: number | undefined; strokeWidth?: number | undefined; className?: string | undefined; }>'.
  Type 'ForwardRefExoticComponent<LucideProps>' is not assignable to type 'FunctionComponent<{ size?: number | undefined; strokeWidth?: number | undefined; className?: string | undefined; }>'.
    Types of property 'propTypes' are incompatible.
      Type 'WeakValidationMap<LucideProps> | undefined' is not assignable to type 'WeakValidationMap<{ size?: number | undefined; strokeWidth?: number | undefined; className?: string | undefined; }> | undefined'.
        Type 'WeakValidationMap<LucideProps>' is not assignable to type 'WeakValidationMap<{ size?: number | undefined; strokeWidth?: number | undefined; className?: string | undefined; }>'.
          Types of property 'size' are incompatible.
            Type 'Validator<string | number | null | undefined> | undefined' is not assignable to type 'Validator<number | null | undefined> | undefined'.
              Type 'Validator<string | number | null | undefined>' is not assignable to type 'Validator<number | null | undefined>'.
                Type 'string | number | null | undefined' is not assignable to type 'number | null | undefined'.
                  Type 'string' is not assignable to type 'number'.
components/mobile/BottomNav.tsx(76,69): error TS2322: Type 'LucideIcon' is not assignable to type 'ComponentType<{ size?: number | undefined; strokeWidth?: number | undefined; className?: string | undefined; }>'.
  Type 'ForwardRefExoticComponent<LucideProps>' is not assignable to type 'FunctionComponent<{ size?: number | undefined; strokeWidth?: number | undefined; className?: string | undefined; }>'.
    Types of property 'propTypes' are incompatible.
      Type 'WeakValidationMap<LucideProps> | undefined' is not assignable to type 'WeakValidationMap<{ size?: number | undefined; strokeWidth?: number | undefined; className?: string | undefined; }> | undefined'.
        Type 'WeakValidationMap<LucideProps>' is not assignable to type 'WeakValidationMap<{ size?: number | undefined; strokeWidth?: number | undefined; className?: string | undefined; }>'.
          Types of property 'size' are incompatible.
            Type 'Validator<string | number | null | undefined> | undefined' is not assignable to type 'Validator<number | null | undefined> | undefined'.
              Type 'Validator<string | number | null | undefined>' is not assignable to type 'Validator<number | null | undefined>'.
                Type 'string | number | null | undefined' is not assignable to type 'number | null | undefined'.
                  Type 'string' is not assignable to type 'number'.
components/mobile/BottomNav.tsx(77,68): error TS2322: Type 'LucideIcon' is not assignable to type 'ComponentType<{ size?: number | undefined; strokeWidth?: number | undefined; className?: string | undefined; }>'.
  Type 'ForwardRefExoticComponent<LucideProps>' is not assignable to type 'FunctionComponent<{ size?: number | undefined; strokeWidth?: number | undefined; className?: string | undefined; }>'.
    Types of property 'propTypes' are incompatible.
      Type 'WeakValidationMap<LucideProps> | undefined' is not assignable to type 'WeakValidationMap<{ size?: number | undefined; strokeWidth?: number | undefined; className?: string | undefined; }> | undefined'.
        Type 'WeakValidationMap<LucideProps>' is not assignable to type 'WeakValidationMap<{ size?: number | undefined; strokeWidth?: number | undefined; className?: string | undefined; }>'.
          Types of property 'size' are incompatible.
            Type 'Validator<string | number | null | undefined> | undefined' is not assignable to type 'Validator<number | null | undefined> | undefined'.
              Type 'Validator<string | number | null | undefined>' is not assignable to type 'Validator<number | null | undefined>'.
                Type 'string | number | null | undefined' is not assignable to type 'number | null | undefined'.
                  Type 'string' is not assignable to type 'number'.
components/mobile/BottomNav.tsx(78,70): error TS2322: Type 'LucideIcon' is not assignable to type 'ComponentType<{ size?: number | undefined; strokeWidth?: number | undefined; className?: string | undefined; }>'.
  Type 'ForwardRefExoticComponent<LucideProps>' is not assignable to type 'FunctionComponent<{ size?: number | undefined; strokeWidth?: number | undefined; className?: string | undefined; }>'.
    Types of property 'propTypes' are incompatible.
      Type 'WeakValidationMap<LucideProps> | undefined' is not assignable to type 'WeakValidationMap<{ size?: number | undefined; strokeWidth?: number | undefined; className?: string | undefined; }> | undefined'.
        Type 'WeakValidationMap<LucideProps>' is not assignable to type 'WeakValidationMap<{ size?: number | undefined; strokeWidth?: number | undefined; className?: string | undefined; }>'.
          Types of property 'size' are incompatible.
            Type 'Validator<string | number | null | undefined> | undefined' is not assignable to type 'Validator<number | null | undefined> | undefined'.
              Type 'Validator<string | number | null | undefined>' is not assignable to type 'Validator<number | null | undefined>'.
                Type 'string | number | null | undefined' is not assignable to type 'number | null | undefined'.
                  Type 'string' is not assignable to type 'number'.
components/mobile/BottomNav.tsx(84,64): error TS2322: Type 'LucideIcon' is not assignable to type 'ComponentType<{ size?: number | undefined; strokeWidth?: number | undefined; className?: string | undefined; }>'.
  Type 'ForwardRefExoticComponent<LucideProps>' is not assignable to type 'FunctionComponent<{ size?: number | undefined; strokeWidth?: number | undefined; className?: string | undefined; }>'.
    Types of property 'propTypes' are incompatible.
      Type 'WeakValidationMap<LucideProps> | undefined' is not assignable to type 'WeakValidationMap<{ size?: number | undefined; strokeWidth?: number | undefined; className?: string | undefined; }> | undefined'.
        Type 'WeakValidationMap<LucideProps>' is not assignable to type 'WeakValidationMap<{ size?: number | undefined; strokeWidth?: number | undefined; className?: string | undefined; }>'.
          Types of property 'size' are incompatible.
            Type 'Validator<string | number | null | undefined> | undefined' is not assignable to type 'Validator<number | null | undefined> | undefined'.
              Type 'Validator<string | number | null | undefined>' is not assignable to type 'Validator<number | null | undefined>'.
                Type 'string | number | null | undefined' is not assignable to type 'number | null | undefined'.
                  Type 'string' is not assignable to type 'number'.
components/mobile/BottomNav.tsx(85,56): error TS2322: Type 'LucideIcon' is not assignable to type 'ComponentType<{ size?: number | undefined; strokeWidth?: number | undefined; className?: string | undefined; }>'.
  Type 'ForwardRefExoticComponent<LucideProps>' is not assignable to type 'FunctionComponent<{ size?: number | undefined; strokeWidth?: number | undefined; className?: string | undefined; }>'.
    Types of property 'propTypes' are incompatible.
      Type 'WeakValidationMap<LucideProps> | undefined' is not assignable to type 'WeakValidationMap<{ size?: number | undefined; strokeWidth?: number | undefined; className?: string | undefined; }> | undefined'.
        Type 'WeakValidationMap<LucideProps>' is not assignable to type 'WeakValidationMap<{ size?: number | undefined; strokeWidth?: number | undefined; className?: string | undefined; }>'.
          Types of property 'size' are incompatible.
            Type 'Validator<string | number | null | undefined> | undefined' is not assignable to type 'Validator<number | null | undefined> | undefined'.
              Type 'Validator<string | number | null | undefined>' is not assignable to type 'Validator<number | null | undefined>'.
                Type 'string | number | null | undefined' is not assignable to type 'number | null | undefined'.
                  Type 'string' is not assignable to type 'number'.
components/mobile/BottomNav.tsx(86,56): error TS2322: Type 'LucideIcon' is not assignable to type 'ComponentType<{ size?: number | undefined; strokeWidth?: number | undefined; className?: string | undefined; }>'.
  Type 'ForwardRefExoticComponent<LucideProps>' is not assignable to type 'FunctionComponent<{ size?: number | undefined; strokeWidth?: number | undefined; className?: string | undefined; }>'.
    Types of property 'propTypes' are incompatible.
      Type 'WeakValidationMap<LucideProps> | undefined' is not assignable to type 'WeakValidationMap<{ size?: number | undefined; strokeWidth?: number | undefined; className?: string | undefined; }> | undefined'.
        Type 'WeakValidationMap<LucideProps>' is not assignable to type 'WeakValidationMap<{ size?: number | undefined; strokeWidth?: number | undefined; className?: string | undefined; }>'.
          Types of property 'size' are incompatible.
            Type 'Validator<string | number | null | undefined> | undefined' is not assignable to type 'Validator<number | null | undefined> | undefined'.
              Type 'Validator<string | number | null | undefined>' is not assignable to type 'Validator<number | null | undefined>'.
                Type 'string | number | null | undefined' is not assignable to type 'number | null | undefined'.
                  Type 'string' is not assignable to type 'number'.
components/mobile/BottomNav.tsx(92,60): error TS2322: Type 'LucideIcon' is not assignable to type 'ComponentType<{ size?: number | undefined; strokeWidth?: number | undefined; className?: string | undefined; }>'.
  Type 'ForwardRefExoticComponent<LucideProps>' is not assignable to type 'FunctionComponent<{ size?: number | undefined; strokeWidth?: number | undefined; className?: string | undefined; }>'.
    Types of property 'propTypes' are incompatible.
      Type 'WeakValidationMap<LucideProps> | undefined' is not assignable to type 'WeakValidationMap<{ size?: number | undefined; strokeWidth?: number | undefined; className?: string | undefined; }> | undefined'.
        Type 'WeakValidationMap<LucideProps>' is not assignable to type 'WeakValidationMap<{ size?: number | undefined; strokeWidth?: number | undefined; className?: string | undefined; }>'.
          Types of property 'size' are incompatible.
            Type 'Validator<string | number | null | undefined> | undefined' is not assignable to type 'Validator<number | null | undefined> | undefined'.
              Type 'Validator<string | number | null | undefined>' is not assignable to type 'Validator<number | null | undefined>'.
                Type 'string | number | null | undefined' is not assignable to type 'number | null | undefined'.
                  Type 'string' is not assignable to type 'number'.
components/mobile/BottomNav.tsx(93,62): error TS2322: Type 'LucideIcon' is not assignable to type 'ComponentType<{ size?: number | undefined; strokeWidth?: number | undefined; className?: string | undefined; }>'.
  Type 'ForwardRefExoticComponent<LucideProps>' is not assignable to type 'FunctionComponent<{ size?: number | undefined; strokeWidth?: number | undefined; className?: string | undefined; }>'.
    Types of property 'propTypes' are incompatible.
      Type 'WeakValidationMap<LucideProps> | undefined' is not assignable to type 'WeakValidationMap<{ size?: number | undefined; strokeWidth?: number | undefined; className?: string | undefined; }> | undefined'.
        Type 'WeakValidationMap<LucideProps>' is not assignable to type 'WeakValidationMap<{ size?: number | undefined; strokeWidth?: number | undefined; className?: string | undefined; }>'.
          Types of property 'size' are incompatible.
            Type 'Validator<string | number | null | undefined> | undefined' is not assignable to type 'Validator<number | null | undefined> | undefined'.
              Type 'Validator<string | number | null | undefined>' is not assignable to type 'Validator<number | null | undefined>'.
                Type 'string | number | null | undefined' is not assignable to type 'number | null | undefined'.
                  Type 'string' is not assignable to type 'number'.
components/mobile/BottomNav.tsx(94,54): error TS2322: Type 'LucideIcon' is not assignable to type 'ComponentType<{ size?: number | undefined; strokeWidth?: number | undefined; className?: string | undefined; }>'.
  Type 'ForwardRefExoticComponent<LucideProps>' is not assignable to type 'FunctionComponent<{ size?: number | undefined; strokeWidth?: number | undefined; className?: string | undefined; }>'.
    Types of property 'propTypes' are incompatible.
      Type 'WeakValidationMap<LucideProps> | undefined' is not assignable to type 'WeakValidationMap<{ size?: number | undefined; strokeWidth?: number | undefined; className?: string | undefined; }> | undefined'.
        Type 'WeakValidationMap<LucideProps>' is not assignable to type 'WeakValidationMap<{ size?: number | undefined; strokeWidth?: number | undefined; className?: string | undefined; }>'.
          Types of property 'size' are incompatible.
            Type 'Validator<string | number | null | undefined> | undefined' is not assignable to type 'Validator<number | null | undefined> | undefined'.
              Type 'Validator<string | number | null | undefined>' is not assignable to type 'Validator<number | null | undefined>'.
                Type 'string | number | null | undefined' is not assignable to type 'number | null | undefined'.
                  Type 'string' is not assignable to type 'number'.
components/mobile/BottomNav.tsx(95,60): error TS2322: Type 'LucideIcon' is not assignable to type 'ComponentType<{ size?: number | undefined; strokeWidth?: number | undefined; className?: string | undefined; }>'.
  Type 'ForwardRefExoticComponent<LucideProps>' is not assignable to type 'FunctionComponent<{ size?: number | undefined; strokeWidth?: number | undefined; className?: string | undefined; }>'.
    Types of property 'propTypes' are incompatible.
      Type 'WeakValidationMap<LucideProps> | undefined' is not assignable to type 'WeakValidationMap<{ size?: number | undefined; strokeWidth?: number | undefined; className?: string | undefined; }> | undefined'.
        Type 'WeakValidationMap<LucideProps>' is not assignable to type 'WeakValidationMap<{ size?: number | undefined; strokeWidth?: number | undefined; className?: string | undefined; }>'.
          Types of property 'size' are incompatible.
            Type 'Validator<string | number | null | undefined> | undefined' is not assignable to type 'Validator<number | null | undefined> | undefined'.
              Type 'Validator<string | number | null | undefined>' is not assignable to type 'Validator<number | null | undefined>'.
                Type 'string | number | null | undefined' is not assignable to type 'number | null | undefined'.
                  Type 'string' is not assignable to type 'number'.
components/mobile/BottomNav.tsx(96,56): error TS2322: Type 'LucideIcon' is not assignable to type 'ComponentType<{ size?: number | undefined; strokeWidth?: number | undefined; className?: string | undefined; }>'.
  Type 'ForwardRefExoticComponent<LucideProps>' is not assignable to type 'FunctionComponent<{ size?: number | undefined; strokeWidth?: number | undefined; className?: string | undefined; }>'.
    Types of property 'propTypes' are incompatible.
      Type 'WeakValidationMap<LucideProps> | undefined' is not assignable to type 'WeakValidationMap<{ size?: number | undefined; strokeWidth?: number | undefined; className?: string | undefined; }> | undefined'.
        Type 'WeakValidationMap<LucideProps>' is not assignable to type 'WeakValidationMap<{ size?: number | undefined; strokeWidth?: number | undefined; className?: string | undefined; }>'.
          Types of property 'size' are incompatible.
            Type 'Validator<string | number | null | undefined> | undefined' is not assignable to type 'Validator<number | null | undefined> | undefined'.
              Type 'Validator<string | number | null | undefined>' is not assignable to type 'Validator<number | null | undefined>'.
                Type 'string | number | null | undefined' is not assignable to type 'number | null | undefined'.
                  Type 'string' is not assignable to type 'number'.
components/mobile/BottomNav.tsx(97,61): error TS2322: Type 'LucideIcon' is not assignable to type 'ComponentType<{ size?: number | undefined; strokeWidth?: number | undefined; className?: string | undefined; }>'.
  Type 'ForwardRefExoticComponent<LucideProps>' is not assignable to type 'FunctionComponent<{ size?: number | undefined; strokeWidth?: number | undefined; className?: string | undefined; }>'.
    Types of property 'propTypes' are incompatible.
      Type 'WeakValidationMap<LucideProps> | undefined' is not assignable to type 'WeakValidationMap<{ size?: number | undefined; strokeWidth?: number | undefined; className?: string | undefined; }> | undefined'.
        Type 'WeakValidationMap<LucideProps>' is not assignable to type 'WeakValidationMap<{ size?: number | undefined; strokeWidth?: number | undefined; className?: string | undefined; }>'.
          Types of property 'size' are incompatible.
            Type 'Validator<string | number | null | undefined> | undefined' is not assignable to type 'Validator<number | null | undefined> | undefined'.
              Type 'Validator<string | number | null | undefined>' is not assignable to type 'Validator<number | null | undefined>'.
                Type 'string | number | null | undefined' is not assignable to type 'number | null | undefined'.
                  Type 'string' is not assignable to type 'number'.
components/mobile/BottomNav.tsx(103,60): error TS2322: Type 'LucideIcon' is not assignable to type 'ComponentType<{ size?: number | undefined; strokeWidth?: number | undefined; className?: string | undefined; }>'.
  Type 'ForwardRefExoticComponent<LucideProps>' is not assignable to type 'FunctionComponent<{ size?: number | undefined; strokeWidth?: number | undefined; className?: string | undefined; }>'.
    Types of property 'propTypes' are incompatible.
      Type 'WeakValidationMap<LucideProps> | undefined' is not assignable to type 'WeakValidationMap<{ size?: number | undefined; strokeWidth?: number | undefined; className?: string | undefined; }> | undefined'.
        Type 'WeakValidationMap<LucideProps>' is not assignable to type 'WeakValidationMap<{ size?: number | undefined; strokeWidth?: number | undefined; className?: string | undefined; }>'.
          Types of property 'size' are incompatible.
            Type 'Validator<string | number | null | undefined> | undefined' is not assignable to type 'Validator<number | null | undefined> | undefined'.
              Type 'Validator<string | number | null | undefined>' is not assignable to type 'Validator<number | null | undefined>'.
                Type 'string | number | null | undefined' is not assignable to type 'number | null | undefined'.
                  Type 'string' is not assignable to type 'number'.
components/mobile/BottomNav.tsx(104,57): error TS2322: Type 'LucideIcon' is not assignable to type 'ComponentType<{ size?: number | undefined; strokeWidth?: number | undefined; className?: string | undefined; }>'.
  Type 'ForwardRefExoticComponent<LucideProps>' is not assignable to type 'FunctionComponent<{ size?: number | undefined; strokeWidth?: number | undefined; className?: string | undefined; }>'.
    Types of property 'propTypes' are incompatible.
      Type 'WeakValidationMap<LucideProps> | undefined' is not assignable to type 'WeakValidationMap<{ size?: number | undefined; strokeWidth?: number | undefined; className?: string | undefined; }> | undefined'.
        Type 'WeakValidationMap<LucideProps>' is not assignable to type 'WeakValidationMap<{ size?: number | undefined; strokeWidth?: number | undefined; className?: string | undefined; }>'.
          Types of property 'size' are incompatible.
            Type 'Validator<string | number | null | undefined> | undefined' is not assignable to type 'Validator<number | null | undefined> | undefined'.
              Type 'Validator<string | number | null | undefined>' is not assignable to type 'Validator<number | null | undefined>'.
                Type 'string | number | null | undefined' is not assignable to type 'number | null | undefined'.
                  Type 'string' is not assignable to type 'number'.
components/mobile/BottomNav.tsx(105,59): error TS2322: Type 'LucideIcon' is not assignable to type 'ComponentType<{ size?: number | undefined; strokeWidth?: number | undefined; className?: string | undefined; }>'.
  Type 'ForwardRefExoticComponent<LucideProps>' is not assignable to type 'FunctionComponent<{ size?: number | undefined; strokeWidth?: number | undefined; className?: string | undefined; }>'.
    Types of property 'propTypes' are incompatible.
      Type 'WeakValidationMap<LucideProps> | undefined' is not assignable to type 'WeakValidationMap<{ size?: number | undefined; strokeWidth?: number | undefined; className?: string | undefined; }> | undefined'.
        Type 'WeakValidationMap<LucideProps>' is not assignable to type 'WeakValidationMap<{ size?: number | undefined; strokeWidth?: number | undefined; className?: string | undefined; }>'.
          Types of property 'size' are incompatible.
            Type 'Validator<string | number | null | undefined> | undefined' is not assignable to type 'Validator<number | null | undefined> | undefined'.
              Type 'Validator<string | number | null | undefined>' is not assignable to type 'Validator<number | null | undefined>'.
                Type 'string | number | null | undefined' is not assignable to type 'number | null | undefined'.
                  Type 'string' is not assignable to type 'number'.
components/mobile/BottomNav.tsx(106,56): error TS2322: Type 'LucideIcon' is not assignable to type 'ComponentType<{ size?: number | undefined; strokeWidth?: number | undefined; className?: string | undefined; }>'.
  Type 'ForwardRefExoticComponent<LucideProps>' is not assignable to type 'FunctionComponent<{ size?: number | undefined; strokeWidth?: number | undefined; className?: string | undefined; }>'.
    Types of property 'propTypes' are incompatible.
      Type 'WeakValidationMap<LucideProps> | undefined' is not assignable to type 'WeakValidationMap<{ size?: number | undefined; strokeWidth?: number | undefined; className?: string | undefined; }> | undefined'.
        Type 'WeakValidationMap<LucideProps>' is not assignable to type 'WeakValidationMap<{ size?: number | undefined; strokeWidth?: number | undefined; className?: string | undefined; }>'.
          Types of property 'size' are incompatible.
            Type 'Validator<string | number | null | undefined> | undefined' is not assignable to type 'Validator<number | null | undefined> | undefined'.
              Type 'Validator<string | number | null | undefined>' is not assignable to type 'Validator<number | null | undefined>'.
                Type 'string | number | null | undefined' is not assignable to type 'number | null | undefined'.
                  Type 'string' is not assignable to type 'number'.
components/mobile/BottomNav.tsx(107,64): error TS2322: Type 'LucideIcon' is not assignable to type 'ComponentType<{ size?: number | undefined; strokeWidth?: number | undefined; className?: string | undefined; }>'.
  Type 'ForwardRefExoticComponent<LucideProps>' is not assignable to type 'FunctionComponent<{ size?: number | undefined; strokeWidth?: number | undefined; className?: string | undefined; }>'.
    Types of property 'propTypes' are incompatible.
      Type 'WeakValidationMap<LucideProps> | undefined' is not assignable to type 'WeakValidationMap<{ size?: number | undefined; strokeWidth?: number | undefined; className?: string | undefined; }> | undefined'.
        Type 'WeakValidationMap<LucideProps>' is not assignable to type 'WeakValidationMap<{ size?: number | undefined; strokeWidth?: number | undefined; className?: string | undefined; }>'.
          Types of property 'size' are incompatible.
            Type 'Validator<string | number | null | undefined> | undefined' is not assignable to type 'Validator<number | null | undefined> | undefined'.
              Type 'Validator<string | number | null | undefined>' is not assignable to type 'Validator<number | null | undefined>'.
                Type 'string | number | null | undefined' is not assignable to type 'number | null | undefined'.
                  Type 'string' is not assignable to type 'number'.
components/mobile/BottomNav.tsx(108,61): error TS2322: Type 'LucideIcon' is not assignable to type 'ComponentType<{ size?: number | undefined; strokeWidth?: number | undefined; className?: string | undefined; }>'.
  Type 'ForwardRefExoticComponent<LucideProps>' is not assignable to type 'FunctionComponent<{ size?: number | undefined; strokeWidth?: number | undefined; className?: string | undefined; }>'.
    Types of property 'propTypes' are incompatible.
      Type 'WeakValidationMap<LucideProps> | undefined' is not assignable to type 'WeakValidationMap<{ size?: number | undefined; strokeWidth?: number | undefined; className?: string | undefined; }> | undefined'.
        Type 'WeakValidationMap<LucideProps>' is not assignable to type 'WeakValidationMap<{ size?: number | undefined; strokeWidth?: number | undefined; className?: string | undefined; }>'.
          Types of property 'size' are incompatible.
            Type 'Validator<string | number | null | undefined> | undefined' is not assignable to type 'Validator<number | null | undefined> | undefined'.
              Type 'Validator<string | number | null | undefined>' is not assignable to type 'Validator<number | null | undefined>'.
                Type 'string | number | null | undefined' is not assignable to type 'number | null | undefined'.
                  Type 'string' is not assignable to type 'number'.
components/mobile/BottomNav.tsx(109,57): error TS2322: Type 'LucideIcon' is not assignable to type 'ComponentType<{ size?: number | undefined; strokeWidth?: number | undefined; className?: string | undefined; }>'.
  Type 'ForwardRefExoticComponent<LucideProps>' is not assignable to type 'FunctionComponent<{ size?: number | undefined; strokeWidth?: number | undefined; className?: string | undefined; }>'.
    Types of property 'propTypes' are incompatible.
      Type 'WeakValidationMap<LucideProps> | undefined' is not assignable to type 'WeakValidationMap<{ size?: number | undefined; strokeWidth?: number | undefined; className?: string | undefined; }> | undefined'.
        Type 'WeakValidationMap<LucideProps>' is not assignable to type 'WeakValidationMap<{ size?: number | undefined; strokeWidth?: number | undefined; className?: string | undefined; }>'.
          Types of property 'size' are incompatible.
            Type 'Validator<string | number | null | undefined> | undefined' is not assignable to type 'Validator<number | null | undefined> | undefined'.
              Type 'Validator<string | number | null | undefined>' is not assignable to type 'Validator<number | null | undefined>'.
                Type 'string | number | null | undefined' is not assignable to type 'number | null | undefined'.
                  Type 'string' is not assignable to type 'number'.
